src/components/auth/SignUpForm.tsx(28,21): error TS2339: Property 'redirect' does not exist on type '{ success: boolean; error?: undefined; } | { success: boolean; error: any; }'.
  Property 'redirect' does not exist on type '{ success: boolean; error?: undefined; }'.
src/components/auth/SignUpForm.tsx(29,50): error TS2339: Property 'redirect' does not exist on type '{ success: boolean; error?: undefined; } | { success: boolean; error: any; }'.
  Property 'redirect' does not exist on type '{ success: boolean; error?: undefined; }'.
src/lib/db/index.ts(8,16): error TS2304: Cannot find name 'globalForDb'.
src/lib/db/index.ts(13,19): error TS2304: Cannot find name 'globalForDb'.
src/lib/db/index.ts(15,44): error TS2304: Cannot find name 'globalForDb'.
